// Jest Snapshot v1, https://goo.gl/fbAQLP

exports[`Text should render the component 1`] = `
<div>
  <p
    class="normal-text  "
    style="text-align: left;"
  >
    Test
  </p>
</div>
`;
